// Jest Snapshot v1, https://goo.gl/fbAQLP

exports[`<Header /> should render correctly 1`] = `
<div>
  <div
    class="flex justify-between"
  >
    <h1
      class="text-4xl text-white"
    >
      Lorem ipsum
    </h1>
    <button
      class="flex items-center text-pink-500"
      type="button"
    >
      <svg
        class="mr-2"
        fill="none"
        height="1em"
        stroke="currentColor"
        stroke-linecap="round"
        stroke-linejoin="round"
        stroke-width="2"
        viewBox="0 0 24 24"
        width="1em"
        xmlns="http://www.w3.org/2000/svg"
      >
        <line
          x1="12"
          x2="12"
          y1="5"
          y2="19"
        />
        <line
          x1="5"
          x2="19"
          y1="12"
          y2="12"
        />
      </svg>
      Nova sugest√£o
    </button>
  </div>
</div>
`;
